// Vitest Snapshot v1, https://vitest.dev/guide/snapshot.html

exports[`optimize > basic.svg 1`] = `
"
<svg width="100px" height="100px" viewBox="0 0 100 100" xmlns="http://www.w3.org/2000/svg" xmlns:xlink="http://www.w3.org/1999/xlink" xmlns:myeditor="http://www.myeditor.com/ns" version="1.1">
    <myeditor:metadata>
        <myeditor:source>AwesomeIcon Design</myeditor:source>
        <myeditor:version>1.2</myeditor:version>
        <myeditor:exporter>MyEditor Pro Exporter v3.0</myeditor:exporter>
    </myeditor:metadata>
    
    
    <g id="BackgroundLayer" myeditor:layerName="Background" fill="blue">
        <circle cx="50" cy="50" r="45" id="blue_circle_bg" myeditor:objectID="obj123"/>
    </g>
    <g id="ForegroundLayer" myeditor:layerName="Foreground" myeditor:isDecorative="false" fill="red">
        <polygon points="50,15 61,35 85,35 67,50 73,70 50,60 27,70 33,50 15,35 39,35" id="red_star_shape" myeditor:objectID="obj456" myeditor:customAttribute="important_shape"/>
    </g>
</svg>
"
`;

exports[`optimize > cdata.svg 1`] = `
"<svg xmlns="http://www.w3.org/2000/svg" viewBox="0 0 100 100">
  <style></style>
  <text x="0" y="10"></text>
  <text x="0" y="20">before  after</text>
  <rect class="cls" width="10" height="10"/>
</svg>
"
`;

exports[`optimize > comments.svg 1`] = `
"<svg xmlns="http://www.w3.org/2000/svg" viewBox="0 0 100 100">
  
  <!--! a legal comment that must be preserved -->
  <!--!
    multi-line preserved comment
  -->
  <!--! preserved with entity: Tom & Jerry and 3 < 5 -->
  <rect width="10" height="10"/>
  <g>
    
    <!--! nested preserved comment -->
    <circle cx="5" cy="5" r="2"/>
  </g>
</svg>
"
`;

exports[`optimize > doctype-internal-subset.svg 1`] = `
"

<svg xmlns="http://www.w3.org/2000/svg" viewBox="0 0 100 100">
  <rect width="10" height="10"/>
</svg>
"
`;

exports[`optimize > doctype-pi.svg 1`] = `
"


<svg xmlns="http://www.w3.org/2000/svg" viewBox="0 0 100 100">
  
  <rect width="10" height="10"/>
</svg>
"
`;

exports[`optimize > editors-ns.svg 1`] = `
"
<svg xmlns:svg="http://www.w3.org/2000/svg" xmlns="http://www.w3.org/2000/svg" xmlns:unknownvendor="http://example.com/not-in-the-list" width="100" height="100" viewBox="0 0 100 100" unknownvendor:keepme="yes">
  
  
  
  
  
  
  <unknownvendor:thing keep="1"/>
  <g id="layer1" unknownvendor:attr="v" fill="red">
    <rect width="10" height="10"/>
    <rect width="10" height="10"/>
  </g>
</svg>
"
`;

exports[`optimize > entities-attr.svg 1`] = `
"<svg xmlns="http://www.w3.org/2000/svg" viewBox="0 0 100 100">
  <a href="https://example.com/?a=1&b=2" target="_blank">
    <rect width="10" height="10" data-label="Tom & Jerry"/>
  </a>
  <rect width="10" height="10" data-quote="say "hi"" data-apos="it's" data-lt="a < b"/>
  <rect width="10" height="10" data-numeric="AB&"/>
  <rect width="10" height="10" data-only-amp="&"/>
</svg>
"
`;

exports[`optimize > entities-text.svg 1`] = `
"<svg xmlns="http://www.w3.org/2000/svg" viewBox="0 0 200 100">
  <text x="10" y="20">Tom & Jerry</text>
  <text x="10" y="40">3 < 5 > 1</text>
  <text x="10" y="60">"quoted" and 'single'</text>
  <text x="10" y="80">decimal A hex B mixed &</text>
  <text x="10" y="100">leading & trailing &</text>
  <text x="10" y="120">&&&</text>
  <text x="10" y="140">&</text>
</svg>
"
`;

exports[`optimize > move-attrs-all-paths.svg 1`] = `
"<svg xmlns="http://www.w3.org/2000/svg" viewBox="0 0 100 100">
  <g fill="red">
    <mask transform="scale(2)" id="m1"/>
    <mask transform="scale(2)" id="m2"/>
  </g>
  <g fill="blue">
    <filter transform="scale(3)" id="f1"/>
    <mask transform="scale(3)" id="m3"/>
  </g>
  <g transform="scale(4)" fill="green">
    <mask id="m4"/>
    <rect width="1" height="1"/>
  </g>
</svg>
"
`;

exports[`optimize > move-attrs-basic.svg 1`] = `
"<svg xmlns="http://www.w3.org/2000/svg" viewBox="0 0 100 100">
  <g attr1="val1" fill="red" stroke="blue">
    <g>
      text
    </g>
    <circle r="5"/>
  </g>
  <g>
    <rect fill="green" width="1" height="1"/>
    <rect fill="green" width="2" height="2"/>
    <rect fill="yellow" width="3" height="3"/>
  </g>
  <g fill="red">
    <rect width="1" height="1"/>
    <rect width="2" height="2"/>
  </g>
  <g>
    <rect width="1" height="1"/>
  </g>
  <g font-size="10" letter-spacing="2">
    <rect width="1" height="1"/>
    <rect width="2" height="2"/>
  </g>
</svg>
"
`;

exports[`optimize > move-attrs-transform.svg 1`] = `
"<svg xmlns="http://www.w3.org/2000/svg" viewBox="0 0 100 100">
  <g transform="translate(1 2) scale(2)" fill="red">
    <rect width="1" height="1"/>
    <rect width="2" height="2"/>
  </g>
  <g transform="scale(3)" fill="blue">
    <ellipse rx="1" ry="1"/>
    <ellipse rx="2" ry="2"/>
  </g>
  <g filter="url(#f)" fill="green">
    <rect transform="scale(4)" width="1" height="1"/>
    <rect transform="scale(4)" width="2" height="2"/>
  </g>
  <g clip-path="url(#c)" fill="teal">
    <rect transform="scale(5)" width="1" height="1"/>
    <rect transform="scale(5)" width="2" height="2"/>
  </g>
  <g mask="url(#m)" fill="olive">
    <rect transform="scale(6)" width="1" height="1"/>
    <rect transform="scale(6)" width="2" height="2"/>
  </g>
</svg>
"
`;

exports[`optimize > multiline-attr.svg 1`] = `
"<svg xmlns="http://www.w3.org/2000/svg" viewBox="0 0 100 100">
  <path d="M 10 10
           L 20 20
           L 30 10
           Z"/>
  <polygon points="0,0
1,1
2,0"/>
  <rect width="10" height="10" data-tab="a	b" data-cr="x
y"/>
  <rect width="10" height="10" data-mixed=" lead
  and	tab  trail "/>
</svg>
"
`;

exports[`optimize > nested-groups.svg 1`] = `
"<svg xmlns="http://www.w3.org/2000/svg" viewBox="0 0 100 100">
  <defs>
    <linearGradient id="grad">
      <stop offset="0" stop-color="red"/>
      <stop offset="1" stop-color="blue"/>
    </linearGradient>
  </defs>
  <g id="outer">
    <g id="middle">
      <g id="inner">
        <path d="M0 0 L1 1"/>
        <path d="M2 2 L3 3"/>
      </g>
      <use href="#inner"/>
    </g>
    <g id="empty"/>
    <g id="self-closed"/>
  </g>
  <g>
    
    
    
    <rect width="10" height="10"/>
  </g>
</svg>
"
`;

exports[`optimize > style-deopt.svg 1`] = `
"<svg xmlns="http://www.w3.org/2000/svg" viewBox="0 0 100 100">
  <style>
    .cls { fill: red; }
  </style>
  <g>
    <rect fill="red" stroke="blue" width="1" height="1"/>
    <rect fill="red" stroke="blue" width="2" height="2"/>
  </g>
  <g transform="translate(1 2)">
    <circle transform="scale(2)" fill="teal" r="1"/>
    <circle transform="scale(2)" fill="teal" r="2"/>
  </g>
</svg>
"
`;

exports[`optimize > whitespace.svg 1`] = `
"<svg xmlns="http://www.w3.org/2000/svg" viewBox="0 0 100 100">

  <rect width="10" height="10"/>
	<rect width="20" height="20"/>
  <text>  spaced   text  </text>
  <text>
    text on its own line
  </text>
  <g>   </g>
  <g>
  </g>
</svg>
"
`;
